Release 14.7 - xst P.20131013 (nt64)
Copyright (c) 1995-2013 Xilinx, Inc.  All rights reserved.
--> Parameter TMPDIR set to xst/projnav.tmp


Total REAL time to Xst completion: 0.00 secs
Total CPU time to Xst completion: 0.07 secs
 
--> Parameter xsthdpdir set to xst


Total REAL time to Xst completion: 0.00 secs
Total CPU time to Xst completion: 0.07 secs
 
--> Reading design: main.prj

TABLE OF CONTENTS
  1) Synthesis Options Summary
  2) HDL Parsing
  3) HDL Elaboration
  4) HDL Synthesis
       4.1) HDL Synthesis Report
  5) Advanced HDL Synthesis
       5.1) Advanced HDL Synthesis Report
  6) Low Level Synthesis
  7) Partition Report
  8) Design Summary
       8.1) Primitive and Black Box Usage
       8.2) Device utilization summary
       8.3) Partition Resource Summary
       8.4) Timing Report
            8.4.1) Clock Information
            8.4.2) Asynchronous Control Signals Information
            8.4.3) Timing Summary
            8.4.4) Timing Details
            8.4.5) Cross Clock Domains Report


=========================================================================
*                      Synthesis Options Summary                        *
=========================================================================
---- Source Parameters
Input File Name                    : "main.prj"
Ignore Synthesis Constraint File   : NO

---- Target Parameters
Output File Name                   : "main"
Output Format                      : NGC
Target Device                      : xc7a100t-3-csg324

---- Source Options
Top Module Name                    : main
Automatic FSM Extraction           : YES
FSM Encoding Algorithm             : Auto
Safe Implementation                : No
FSM Style                          : LUT
RAM Extraction                     : Yes
RAM Style                          : Auto
ROM Extraction                     : Yes
Shift Register Extraction          : YES
ROM Style                          : Auto
Resource Sharing                   : YES
Asynchronous To Synchronous        : NO
Shift Register Minimum Size        : 2
Use DSP Block                      : Auto
Automatic Register Balancing       : No

---- Target Options
LUT Combining                      : Auto
Reduce Control Sets                : Auto
Add IO Buffers                     : YES
Global Maximum Fanout              : 100000
Add Generic Clock Buffer(BUFG)     : 32
Register Duplication               : YES
Optimize Instantiated Primitives   : NO
Use Clock Enable                   : Auto
Use Synchronous Set                : Auto
Use Synchronous Reset              : Auto
Pack IO Registers into IOBs        : Auto
Equivalent register Removal        : YES

---- General Options
Optimization Goal                  : Speed
Optimization Effort                : 1
Power Reduction                    : NO
Keep Hierarchy                     : No
Netlist Hierarchy                  : As_Optimized
RTL Output                         : Yes
Global Optimization                : AllClockNets
Read Cores                         : YES
Write Timing Constraints           : NO
Cross Clock Analysis               : NO
Hierarchy Separator                : /
Bus Delimiter                      : <>
Case Specifier                     : Maintain
Slice Utilization Ratio            : 100
BRAM Utilization Ratio             : 100
DSP48 Utilization Ratio            : 100
Auto BRAM Packing                  : NO
Slice Utilization Ratio Delta      : 5

---- Other Options
Cores Search Directories           : {"ipcore_dir"  }

=========================================================================


=========================================================================
*                          HDL Parsing                                  *
=========================================================================
Parsing VHDL file "D:\Documentos\Escola\UFRGS\Nono semestre\INF01058-Digital-Systems\Ahmes processor\ISE Implementation\Ahmes\ipcore_dir\mem_ahmes.vhd" into library work
Parsing entity <mem_ahmes>.
Parsing architecture <mem_ahmes_a> of entity <mem_ahmes>.
Parsing VHDL file "D:\Documentos\Escola\UFRGS\Nono semestre\INF01058-Digital-Systems\Ahmes processor\ISE Implementation\Ahmes\datapath.vhd" into library work
Parsing entity <datapath>.
Parsing architecture <Behavioral> of entity <datapath>.
Parsing VHDL file "D:\Documentos\Escola\UFRGS\Nono semestre\INF01058-Digital-Systems\Ahmes processor\ISE Implementation\Ahmes\control.vhd" into library work
Parsing entity <control>.
Parsing architecture <Behavioral> of entity <control>.
Parsing VHDL file "D:\Documentos\Escola\UFRGS\Nono semestre\INF01058-Digital-Systems\Ahmes processor\ISE Implementation\Ahmes\main.vhd" into library work
Parsing entity <main>.
Parsing architecture <Behavioral> of entity <main>.

=========================================================================
*                            HDL Elaboration                            *
=========================================================================

Elaborating entity <main> (architecture <Behavioral>) from library <work>.

Elaborating entity <control> (architecture <Behavioral>) from library <work>.
INFO:HDLCompiler:679 - "D:\Documentos\Escola\UFRGS\Nono semestre\INF01058-Digital-Systems\Ahmes processor\ISE Implementation\Ahmes\control.vhd" Line 490. Case statement is complete. others clause is never selected

Elaborating entity <datapath> (architecture <Behavioral>) from library <work>.

Elaborating entity <mem_ahmes> (architecture <mem_ahmes_a>) from library <work>.

=========================================================================
*                           HDL Synthesis                               *
=========================================================================

Synthesizing Unit <main>.
    Related source file is "D:\Documentos\Escola\UFRGS\Nono semestre\INF01058-Digital-Systems\Ahmes processor\ISE Implementation\Ahmes\main.vhd".
    Summary:
	no macro.
Unit <main> synthesized.

Synthesizing Unit <control>.
    Related source file is "D:\Documentos\Escola\UFRGS\Nono semestre\INF01058-Digital-Systems\Ahmes processor\ISE Implementation\Ahmes\control.vhd".
WARNING:Xst:647 - Input <instruction_flags<8:8>> is never used. This port will be preserved and left unconnected if it belongs to a top-level block or it belongs to a sub-block and the hierarchy of this sub-block is preserved.
    Found 4-bit register for signal <current_state>.
    Found finite state machine <FSM_0> for signal <current_state>.
    -----------------------------------------------------------------------
    | States             | 12                                             |
    | Transitions        | 98                                             |
    | Inputs             | 29                                             |
    | Outputs            | 8                                              |
    | Clock              | CLOCK (rising_edge)                            |
    | Reset              | RESET (positive)                               |
    | Reset type         | asynchronous                                   |
    | Reset State        | s0                                             |
    | Power Up State     | s0                                             |
    | Encoding           | auto                                           |
    | Implementation     | LUT                                            |
    -----------------------------------------------------------------------
    Summary:
	inferred  87 Multiplexer(s).
	inferred   1 Finite State Machine(s).
Unit <control> synthesized.

Synthesizing Unit <datapath>.
    Related source file is "D:\Documentos\Escola\UFRGS\Nono semestre\INF01058-Digital-Systems\Ahmes processor\ISE Implementation\Ahmes\datapath.vhd".
    Found 1-bit register for signal <reg_N>.
    Found 1-bit register for signal <reg_Z>.
    Found 1-bit register for signal <reg_V>.
    Found 1-bit register for signal <reg_C>.
    Found 1-bit register for signal <reg_B>.
    Found 8-bit register for signal <reg_AC>.
    Found 8-bit register for signal <reg_I>.
    Found 8-bit register for signal <reg_MA>.
    Found 8-bit register for signal <reg_MD>.
    Found 8-bit register for signal <reg_PC>.
    Found 8-bit register for signal <ALU_X>.
    Found 8-bit register for signal <ALU_Y>.
    Found 8-bit adder for signal <reg_PC[7]_GND_8_o_add_1_OUT> created at line 1241.
    Found 9-bit adder for signal <GND_8_o_GND_8_o_add_23_OUT> created at line 314.
    Found 9-bit subtractor for signal <GND_8_o_GND_8_o_sub_28_OUT<8:0>> created at line 344.
    Found 9-bit 13-to-1 multiplexer for signal <ALU_op> created at line 312.
    Summary:
	inferred   2 Adder/Subtractor(s).
	inferred  61 D-type flip-flop(s).
	inferred  29 Multiplexer(s).
Unit <datapath> synthesized.

=========================================================================
HDL Synthesis Report

Macro Statistics
# Adders/Subtractors                                   : 2
 8-bit adder                                           : 1
 9-bit addsub                                          : 1
# Registers                                            : 12
 1-bit register                                        : 5
 8-bit register                                        : 7
# Multiplexers                                         : 116
 1-bit 2-to-1 multiplexer                              : 75
 4-bit 2-to-1 multiplexer                              : 22
 8-bit 2-to-1 multiplexer                              : 3
 9-bit 2-to-1 multiplexer                              : 16
# FSMs                                                 : 1

=========================================================================
INFO:Xst:1767 - HDL ADVISOR - Resource sharing has identified that some arithmetic operations in this design can share the same physical resources for reduced device utilization. For improved clock frequency you may try to disable resource sharing.

=========================================================================
*                       Advanced HDL Synthesis                          *
=========================================================================

Reading core <ipcore_dir/mem_ahmes.ngc>.
Loading core <mem_ahmes> for timing and area information for instance <mem>.

Synthesizing (advanced) Unit <datapath>.
The following registers are absorbed into counter <reg_PC>: 1 register on signal <reg_PC>.
Unit <datapath> synthesized (advanced).

=========================================================================
Advanced HDL Synthesis Report

Macro Statistics
# Adders/Subtractors                                   : 1
 9-bit addsub                                          : 1
# Counters                                             : 1
 8-bit up counter                                      : 1
# Registers                                            : 53
 Flip-Flops                                            : 53
# Multiplexers                                         : 122
 1-bit 2-to-1 multiplexer                              : 83
 4-bit 2-to-1 multiplexer                              : 22
 8-bit 2-to-1 multiplexer                              : 1
 9-bit 2-to-1 multiplexer                              : 16
# FSMs                                                 : 1

=========================================================================

=========================================================================
*                         Low Level Synthesis                           *
=========================================================================
Analyzing FSM <MFsm> for best encoding.
Optimizing FSM <CTRL/FSM_0> on signal <current_state[1:4]> with user encoding.
-------------------
 State | Encoding
-------------------
 s0    | 0000
 s1    | 0001
 s2    | 0010
 s3    | 0011
 s4    | 0100
 s5    | 0101
 s6    | 0110
 s7    | 0111
 s8    | 1000
 s9    | 1001
 s10   | 1010
 s11   | 1011
-------------------

Optimizing unit <main> ...

Optimizing unit <control> ...

Optimizing unit <datapath> ...
INFO:Xst:2261 - The FF/Latch <DP/reg_N> in Unit <main> is equivalent to the following FF/Latch, which will be removed : <DP/reg_AC_7> 

Mapping all equations...
Building and optimizing final netlist ...
Found area constraint ratio of 100 (+ 5) on block main, actual ratio is 0.
FlipFlop CTRL/current_state_FSM_FFd3 has been replicated 1 time(s)
FlipFlop CTRL/current_state_FSM_FFd4 has been replicated 1 time(s)

Final Macro Processing ...

=========================================================================
Final Register Report

Macro Statistics
# Registers                                            : 66
 Flip-Flops                                            : 66

=========================================================================

=========================================================================
*                           Partition Report                            *
=========================================================================

Partition Implementation Status
-------------------------------

  No Partitions were found in this design.

-------------------------------

=========================================================================
*                            Design Summary                             *
=========================================================================

Top Level Output File Name         : main.ngc

Primitive and Black Box Usage:
------------------------------
# BELS                             : 208
#      GND                         : 2
#      INV                         : 1
#      LUT2                        : 1
#      LUT3                        : 15
#      LUT4                        : 39
#      LUT5                        : 35
#      LUT6                        : 81
#      MUXCY                       : 15
#      MUXF7                       : 1
#      VCC                         : 1
#      XORCY                       : 17
# FlipFlops/Latches                : 66
#      FDC                         : 6
#      FDCE                        : 44
#      FDE                         : 16
# RAMS                             : 1
#      RAMB18E1                    : 1
# Clock Buffers                    : 1
#      BUFGP                       : 1
# IO Buffers                       : 9
#      IBUF                        : 1
#      OBUF                        : 8

Device utilization summary:
---------------------------

Selected Device : 7a100tcsg324-3 


Slice Logic Utilization: 
 Number of Slice Registers:              66  out of  126800     0%  
 Number of Slice LUTs:                  172  out of  63400     0%  
    Number used as Logic:               172  out of  63400     0%  

Slice Logic Distribution: 
 Number of LUT Flip Flop pairs used:    197
   Number with an unused Flip Flop:     131  out of    197    66%  
   Number with an unused LUT:            25  out of    197    12%  
   Number of fully used LUT-FF pairs:    41  out of    197    20%  
   Number of unique control sets:         7

IO Utilization: 
 Number of IOs:                          10
 Number of bonded IOBs:                  10  out of    210     4%  

Specific Feature Utilization:
 Number of Block RAM/FIFO:                1  out of    135     0%  
    Number using Block RAM only:          1
 Number of BUFG/BUFGCTRLs:                1  out of     32     3%  

---------------------------
Partition Resource Summary:
---------------------------

  No Partitions were found in this design.

---------------------------


=========================================================================
Timing Report

NOTE: THESE TIMING NUMBERS ARE ONLY A SYNTHESIS ESTIMATE.
      FOR ACCURATE TIMING INFORMATION PLEASE REFER TO THE TRACE REPORT
      GENERATED AFTER PLACE-and-ROUTE.

Clock Information:
------------------
-----------------------------------+------------------------+-------+
Clock Signal                       | Clock buffer(FF name)  | Load  |
-----------------------------------+------------------------+-------+
CLOCK                              | BUFGP                  | 67    |
-----------------------------------+------------------------+-------+

Asynchronous Control Signals Information:
----------------------------------------
No asynchronous control signals found in this design

Timing Summary:
---------------
Speed Grade: -3

   Minimum period: 5.420ns (Maximum Frequency: 184.511MHz)
   Minimum input arrival time before clock: 0.946ns
   Maximum output required time after clock: 2.129ns
   Maximum combinational path delay: No path found

Timing Details:
---------------
All values displayed in nanoseconds (ns)

=========================================================================
Timing constraint: Default period analysis for Clock 'CLOCK'
  Clock period: 5.420ns (frequency: 184.511MHz)
  Total number of paths / destination ports: 123336 / 138
-------------------------------------------------------------------------
Delay:               5.420ns (Levels of Logic = 9)
  Source:            DP/reg_I_0 (FF)
  Destination:       DP/reg_Z (FF)
  Source Clock:      CLOCK rising
  Destination Clock: CLOCK rising

  Data Path: DP/reg_I_0 to DP/reg_Z
                                Gate     Net
    Cell:in->out      fanout   Delay   Delay  Logical Name (Net Name)
    ----------------------------------------  ------------
     FDCE:C->Q            12   0.361   0.607  DP/reg_I_0 (DP/reg_I_0)
     LUT4:I0->O            1   0.097   0.295  CTRL/current_state_FSM_FFd1-In31413_SW0_SW0 (N93)
     LUT6:I5->O            1   0.097   0.683  CTRL/current_state_FSM_FFd1-In31413_SW0 (N80)
     LUT6:I1->O           18   0.097   0.374  CTRL/current_state_FSM_FFd1-In31413 (CTRL/Mmux_load_MA11)
     LUT6:I5->O           31   0.097   0.618  CTRL/Mmux_sel_ALU23 (s_sel_ALU<1>)
     LUT6:I3->O            1   0.097   0.000  DP/Mmux_ALU_op7_rs_lut<0> (DP/Mmux_ALU_op7_rs_lut<0>)
     MUXCY:S->O            1   0.353   0.000  DP/Mmux_ALU_op7_rs_cy<0> (DP/Mmux_ALU_op7_rs_cy<0>)
     XORCY:CI->O           2   0.370   0.515  DP/Mmux_ALU_op7_rs_xor<1> (DP/Mmux_ALU_op7_split<1>)
     LUT6:I3->O            1   0.097   0.556  DP/Mmux_ALU_op1216_SW1 (N110)
     LUT6:I2->O            1   0.097   0.000  DP/flag_Z<7> (DP/flag_Z)
     FDCE:D                    0.008          DP/reg_Z
    ----------------------------------------
    Total                      5.420ns (1.771ns logic, 3.649ns route)
                                       (32.7% logic, 67.3% route)

=========================================================================
Timing constraint: Default OFFSET IN BEFORE for Clock 'CLOCK'
  Total number of paths / destination ports: 66 / 66
-------------------------------------------------------------------------
Offset:              0.946ns (Levels of Logic = 2)
  Source:            RESET (PAD)
  Destination:       DP/ALU_Y_7 (FF)
  Destination Clock: CLOCK rising

  Data Path: RESET to DP/ALU_Y_7
                                Gate     Net
    Cell:in->out      fanout   Delay   Delay  Logical Name (Net Name)
    ----------------------------------------  ------------
     IBUF:I->O            51   0.001   0.389  RESET_IBUF (RESET_IBUF)
     INV:I->O             16   0.113   0.348  DP/RESET_inv1_INV_0 (DP/RESET_inv)
     FDE:CE                    0.095          DP/ALU_X_0
    ----------------------------------------
    Total                      0.946ns (0.209ns logic, 0.737ns route)
                                       (22.1% logic, 77.9% route)

=========================================================================
Timing constraint: Default OFFSET OUT AFTER for Clock 'CLOCK'
  Total number of paths / destination ports: 8 / 8
-------------------------------------------------------------------------
Offset:              2.129ns (Levels of Logic = 2)
  Source:            DP/mem/U0/xst_blk_mem_generator/gnativebmg.native_blk_mem_gen/valid.cstr/ramloop[0].ram.r/v6_init.ram/NO_BMM_INFO.SP.WIDE_PRIM18.ram (RAM)
  Destination:       mem_out<7> (PAD)
  Source Clock:      CLOCK rising

  Data Path: DP/mem/U0/xst_blk_mem_generator/gnativebmg.native_blk_mem_gen/valid.cstr/ramloop[0].ram.r/v6_init.ram/NO_BMM_INFO.SP.WIDE_PRIM18.ram to mem_out<7>
                                Gate     Net
    Cell:in->out      fanout   Delay   Delay  Logical Name (Net Name)
    ----------------------------------------  ------------
     RAMB18E1:CLKARDCLK->DOADO7    2   1.846   0.283  U0/xst_blk_mem_generator/gnativebmg.native_blk_mem_gen/valid.cstr/ramloop[0].ram.r/v6_init.ram/NO_BMM_INFO.SP.WIDE_PRIM18.ram (douta<7>)
     end scope: 'DP/mem:douta<7>'
     OBUF:I->O                 0.000          mem_out_7_OBUF (mem_out<7>)
    ----------------------------------------
    Total                      2.129ns (1.846ns logic, 0.283ns route)
                                       (86.7% logic, 13.3% route)

=========================================================================

Cross Clock Domains Report:
--------------------------

Clock to Setup on destination clock CLOCK
---------------+---------+---------+---------+---------+
               | Src:Rise| Src:Fall| Src:Rise| Src:Fall|
Source Clock   |Dest:Rise|Dest:Rise|Dest:Fall|Dest:Fall|
---------------+---------+---------+---------+---------+
CLOCK          |    5.420|         |         |         |
---------------+---------+---------+---------+---------+

=========================================================================


Total REAL time to Xst completion: 8.00 secs
Total CPU time to Xst completion: 8.34 secs
 
--> 

Total memory usage is 4618000 kilobytes

Number of errors   :    0 (   0 filtered)
Number of warnings :    1 (   0 filtered)
Number of infos    :    2 (   0 filtered)

